// Jest Snapshot v1, https://goo.gl/fbAQLP

exports[`renders Logo correctly 1`] = `
<BrowserRouter>
  <Router
    history={
      Object {
        "action": "POP",
        "block": [Function],
        "createHref": [Function],
        "go": [Function],
        "goBack": [Function],
        "goForward": [Function],
        "length": 1,
        "listen": [Function],
        "location": Object {
          "hash": "",
          "pathname": "/",
          "search": "",
          "state": undefined,
        },
        "push": [Function],
        "replace": [Function],
      }
    }
  >
    <Logo
      tab={0}
    >
      <Link
        tabIndex={0}
        title="UXPin logo"
        to="/"
      >
        <LinkAnchor
          href="/"
          navigate={[Function]}
          tabIndex={0}
          title="UXPin logo"
        >
          <a
            href="/"
            onClick={[Function]}
            tabIndex={0}
            title="UXPin logo"
          >
            <SVGInline
              classSuffix="-svg"
              cleanup={Array []}
              cleanupExceptions={Array []}
              component="span"
              svg="test-file-stub"
            >
              <span
                className="SVGInline"
                dangerouslySetInnerHTML={
                  Object {
                    "__html": "test-file-stub",
                  }
                }
              />
            </SVGInline>
          </a>
        </LinkAnchor>
      </Link>
    </Logo>
  </Router>
</BrowserRouter>
`;
