// Jest Snapshot v1, https://goo.gl/fbAQLP

exports[`renders Logo correctly 1`] = `
<Logo
  tab={0}
>
  <a
    href="https://www.uxpin.com?utm_source=adele.uxpin.com&utm_medium=upartner&utm_campaign=Adele"
    rel="noopener noreferrer"
    tabIndex={0}
    target="_blank"
    title="UXPin logo"
  >
    <SVGInline
      classSuffix="-svg"
      cleanup={Array []}
      cleanupExceptions={Array []}
      component="span"
      svg="test-file-stub"
    >
      <span
        className="SVGInline"
        dangerouslySetInnerHTML={
          Object {
            "__html": "test-file-stub",
          }
        }
      />
    </SVGInline>
  </a>
</Logo>
`;
